// Jest Snapshot v1, https://goo.gl/fbAQLP

exports[`ProfileStatus component input should be displayed instead span 1`] = `
<div
  className="status"
>
  <span
    onDoubleClick={[Function]}
  >
    Fuck
  </span>
</div>
`;

exports[`ProfileStatus component status from props should be in the state 1`] = `
<div
  className="status"
>
  <span
    onDoubleClick={[Function]}
  >
    Fuck
  </span>
</div>
`;
